// Jest Snapshot v1, https://goo.gl/fbAQLP

exports[`renders properly 1`] = `
<div
  className="panel grid-item"
>
  <div
    className="play"
  >
    <button
      className="buttonPlay"
      onClick={[Function]}
      tabIndex="0"
      type="button"
    >
      <span
        className="glyphicon glyphicon-play-circle"
      />
    </button>
  </div>
  <div
    className="delete"
  >
    <button
      className="buttonDelete"
      onClick={[Function]}
      tabIndex="0"
      type="button"
    >
      <span
        className="glyphicon glyphicon-trash"
      />
    </button>
  </div>
</div>
`;
