// Jest Snapshot v1, https://goo.gl/fbAQLP

exports[`should display a button 1`] = `
<div
  className="play"
>
  <button
    className="buttonPlay"
    onClick={[Function]}
    tabIndex="0"
    type="button"
  >
    <span
      className="glyphicon glyphicon-play-circle"
    />
  </button>
</div>
`;
