// Jest Snapshot v1, https://goo.gl/fbAQLP

exports[`should display a button 1`] = `
<div
  className="returnToList"
>
  <button
    className="buttonReturnToList"
    onClick={[Function]}
    tabIndex="0"
    type="button"
  >
    Return to list
  </button>
</div>
`;
