// Jest Snapshot v1, https://goo.gl/fbAQLP

exports[`should display a button 1`] = `
<div
  className="showFav"
>
  <button
    className="buttonShowFav"
    onClick={[Function]}
    tabIndex="0"
    type="button"
  >
    Show favorite
  </button>
</div>
`;
