// Jest Snapshot v1, https://goo.gl/fbAQLP

exports[`should display a button 1`] = `
<div
  className="showDemo"
>
  <button
    className="buttonShowDemo"
    onClick={[Function]}
    tabIndex="0"
    type="button"
  >
    Show demolist
  </button>
</div>
`;
