// Jest Snapshot v1, https://goo.gl/fbAQLP

exports[`renders properly 1`] = `
<div
  className="grid-container videocontainer"
>
  <div
    className="pic grid-item"
  >
    <img
      alt="thumbnail"
      onClick={[Function]}
      tabIndex="0"
    />
  </div>
  <div
    className="panel grid-item"
  >
    <div
      className="play"
    >
      <button
        className="buttonPlay"
        onClick={[Function]}
        tabIndex="0"
        type="button"
      >
        <span
          className="glyphicon glyphicon-play-circle"
        />
      </button>
    </div>
    <div
      className="delete"
    >
      <button
        className="buttonDelete"
        onClick={[Function]}
        tabIndex="0"
        type="button"
      >
        <span
          className="glyphicon glyphicon-trash"
        />
      </button>
    </div>
  </div>
  <div
    className="info"
  >
    <div
      className="title infobox"
    />
    <div
      className="addedAt infobox"
    />
    <div
      className="likes infobox"
    >
      <span />
       
      <span
        className="glyphicon glyphicon-heart"
      />
    </div>
    <div
      className="views infobox"
    >
      <span />
       views
    </div>
  </div>
</div>
`;
